../Drivers/CMSIS/Include/core_cm4.h:1933:34:__NVIC_SystemReset	4	static,ignoring_inline_asm
../LoRaWAN/App/lora_app.c:378:6:LoRaWAN_Init	16	static
../LoRaWAN/App/lora_app.c:437:6:HAL_GPIO_EXTI_Callback	16	static
../LoRaWAN/App/lora_app.c:460:13:OnRxData	16	static
../LoRaWAN/App/lora_app.c:484:13:SendTxData	88	static
../LoRaWAN/App/lora_app.c:601:13:OnTxTimerEvent	16	static
../LoRaWAN/App/lora_app.c:616:13:pulses_calc	16	static
../LoRaWAN/App/lora_app.c:640:13:on_pulses_counter_timer_event	16	static
../LoRaWAN/App/lora_app.c:645:13:OnTxTimerLedEvent	16	static
../LoRaWAN/App/lora_app.c:650:13:OnJoinTimerLedEvent	16	static
../LoRaWAN/App/lora_app.c:655:13:JoinProcess	8	static
../LoRaWAN/App/lora_app.c:663:13:OnJoinProcessTimerEvent	16	static
../LoRaWAN/App/lora_app.c:668:13:OnTxData	32	static
../LoRaWAN/App/lora_app.c:697:13:OnJoinRequest	24	static
../LoRaWAN/App/lora_app.c:731:13:OnBeaconStatusChange	16	static
../LoRaWAN/App/lora_app.c:737:13:OnSysTimeUpdate	4	static
../LoRaWAN/App/lora_app.c:744:13:OnClassChange	16	static
../LoRaWAN/App/lora_app.c:750:13:OnMacProcessNotify	8	static
../LoRaWAN/App/lora_app.c:762:13:OnTxPeriodicityChanged	16	static
../LoRaWAN/App/lora_app.c:784:13:OnTxFrameCtrlChanged	16	static
../LoRaWAN/App/lora_app.c:795:13:OnPingSlotPeriodicityChanged	16	static
../LoRaWAN/App/lora_app.c:806:13:OnSystemReset	8	static
../LoRaWAN/App/lora_app.c:820:13:StopJoin	8	static
../LoRaWAN/App/lora_app.c:855:13:OnStopJoinTimerEvent	16	static
../LoRaWAN/App/lora_app.c:869:13:StoreContext	16	static
../LoRaWAN/App/lora_app.c:891:13:OnNvmDataChange	16	static
../LoRaWAN/App/lora_app.c:909:13:OnStoreContextRequest	16	static
../LoRaWAN/App/lora_app.c:924:13:OnRestoreContextRequest	16	static
